2026-07-21 Initialized progressive-disclosure repository scaffold.
2026-07-22 Refined scaffold to SSOT feature-list, scripts gatekeeper, feature-isolated stage gates, append-only progress log.
2026-07-22 Extracted requirements from 3D打印无人车自动打药系统.pdf into docs/pdf-extract-3d-agv-sprayer.txt.
2026-07-22 Filled FEAT-002 discovery gate with Phase 1 Pixhawk + ArduRover + ultrasonic row-following requirements.
2026-07-22 Saved cucumber field images into docs/images and captured user-provided hardware, route spraying, safety, and simulation requirements in docs/field-reference.md.
2026-07-22 Initialized local Git metadata, configured origin as https://github.com/alandelone/auto_AGVsprayer4fertigation.git, and prepared initial main-branch push.
2026-07-22 Committed initial scaffold and pushed `main` to GitHub with upstream tracking.
2026-07-21T16:42:10Z Cloned repository into Evergreen4 workspace, reviewed hot context, ran gate check, and found FEAT-002 still failing because verification is not PASS.
2026-07-21T16:42:10Z Drafted FEAT-002 technical design and execution contract from 01-discovery requirements; kept verification FAIL until deterministic validation and SITL evidence exist.
2026-07-21T16:42:10Z Fixed gate checker false positive so only an exact verification STATUS line can pass the gate.
2026-07-21T16:42:10Z Added deterministic route/spray/safety contract docs and validator; confirmed validator passes; SITL commands are not installed locally.
2026-07-21T16:48:58Z Committed FEAT-002 work locally as 962e893; push to GitHub failed because HTTPS credentials are unavailable and gh is not logged in.
2026-07-22 Installed ArduPilot SITL prerequisites, built Rover SITL, proved headless ardurover startup, and recorded evidence in simulation README and FEAT-002 verification gate. GitHub web auth timed out and remains blocked.
2026-07-22 Added lightweight mission contract simulator, wired it into check-gate, and updated FEAT-002 verification evidence to PASS.
2026-07-22T03:34:55Z Heartbeat: read hot context, verified git/GitHub auth, ran init + check-gate successfully; all features in feature-list.json are passing, so no implementation work was invented.
2026-07-22 Created FEAT-003 hardware BOM/pinout branch, ignored MAVLink export, excluded ArduRover firmware changes, validated gate, and marked FEAT-003 passing.
2026-07-22T05:45:20Z Verified active gate, attempted direct main push, hit repository PR-only rule, and opened PR #1 from feat/hardware-bom-pinout to main.
2026-07-22T05:53:26Z Added FEAT-004 bench-test hardware ratings, rating validator, docs, and stage gates; validated and marked FEAT-004 passing.
2026-07-22T06:07:32Z Reset local main to origin/main after PR #1 squash-merge, created feat/bench-test-procedure, added FEAT-005 water-only bench procedure/log template/validator, validated and marked FEAT-005 passing.
2026-07-23 Analyzed abstract stage-gate loop, incorporated 5 field requirements into docs, updated feature-list.json with ArduRover firmware/SITL features FEAT-006 through FEAT-010, initialized FEAT-006 stage gates, and updated implementation plan artifact.
2026-07-23T07:57:04Z Heartbeat: read hot context, checked git/root/remotes, ran init + check-gate (failing: verification gate must contain exact STATUS line), created FEAT-006 hardware/pixhawk-actuator-mapping.v0.json, verified JSON syntax, and reran gate (still failing until .param, validator, and PASS evidence are added).
REVIEW FEAT-006 mapping JSON: PASS valid JSON contract created with unique AUX/SERVO/RELAY assignments; deterministic full feature validator not yet present.
2026-07-23T10:59:27Z Heartbeat: read hot context, checked git/root/remotes, ran init + check-gate (failing: verification gate must contain exact STATUS line), created FEAT-006 hardware/pixhawk-ardurover-sprayer.param from the mapping JSON parameters block, verified .param entries match JSON, and reran gate (still failing until validator and PASS evidence are added).
REVIEW FEAT-006 parameter export: PASS hardware/pixhawk-ardurover-sprayer.param contains the expected ArduPilot PARAM_NAME,VALUE entries matching hardware/pixhawk-actuator-mapping.v0.json.
2026-07-23T14:03:47Z heartbeat: implemented FEAT-006 Pixhawk mapping validator, wired it into scripts/check-gate.sh, captured real validator evidence in 04-verification.md, reran gate successfully, and marked FEAT-006 passes=true via scripts/update-feature.py.
REVIEW FEAT-006-validator: PASS files scripts/validate-pixhawk-mapping.py, scripts/check-gate.sh, stage-gates/active/FEAT-006/04-verification.md, feature-list.json; validator and full gate pass deterministically.
2026-07-23T17:07:18Z Heartbeat: verified FEAT-006 gate still passes, activated FEAT-007, created FEAT-007 discovery/design/execution/verification stage-gate contracts, and reran gate (expected failing state: verification gate status must be PASS).
REVIEW FEAT-007 stage-gate contracts: PASS files stage-gates/active/FEAT-007/01-discovery.md, 02-tech-design.md, 03-execution.md, 04-verification.md, feature-list.json; contracts define mission export scope and verification remains FAIL until implementation evidence exists.
2026-07-23T20:10:14Z Heartbeat: read hot context, checked git/root/remotes/GitHub auth, ran init + check-gate (failing: verification gate status must be PASS), created FEAT-007 missions/cucumber-row-mission.v0.json, verified JSON structure, and reran gate (still failing until exporter, validator, generated artifacts, and PASS evidence are added).
REVIEW FEAT-007 mission source contract: PASS missions/cucumber-row-mission.v0.json is valid JSON with 7 ordered mission items, 4 actuator transitions, synthetic-only coordinates, and FEAT-006 pump/relay mapping references.
2026-07-23T20:12:00Z Committed FEAT-007 mission source contract as c494792 on feat/mission-source-contract, pushed to origin, and opened PR #4: https://github.com/alandelone/auto_AGVsprayer4fertigation/pull/4.
2026-07-23T23:14:28Z heartbeat: FEAT-007 component 2 exporter added scripts/export-mission-files.py and generated missions/exports/cucumber-row-mission.plan plus missions/exports/cucumber-row-mission.waypoints; exporter smoke check passed with 28 mission export items.
REVIEW FEAT-007 exporter: PASS files scripts/export-mission-files.py, missions/exports/cucumber-row-mission.plan, missions/exports/cucumber-row-mission.waypoints are deterministic, non-placeholder, JSON/WPL smoke checks pass; repo gate still fails only because verification gate remains STATUS: FAIL pending validator/evidence.
2026-07-24T02:17:36Z heartbeat: implemented FEAT-007 component 3 validator scripts/validate-mission-exports.py, wired it into scripts/check-gate.sh, reran exporter + validator successfully, and reran repo gate (still failing only because 04-verification.md remains STATUS: FAIL pending evidence capture).
REVIEW FEAT-007 validator wiring: PASS files scripts/validate-mission-exports.py and scripts/check-gate.sh; validator parses source/.plan/.waypoints, checks synthetic-coordinate policy, command counts, actuator transitions, and export parity; repo gate still fails until verification evidence is pasted and STATUS set PASS.

2026-07-24T05:21:57Z heartbeat: completed FEAT-007 verification evidence, set 04-verification.md STATUS: PASS with actual exporter/validator/smoke/full-gate outputs, ran python scripts/update-feature.py feature-list.json to mark FEAT-007 passing, and reran full gate successfully (CHECK_GATE_EXIT=0).
2026-07-24T05:23:30Z heartbeat: committed FEAT-007 verification completion as 62bc6f1 and pushed it to origin/feat/mission-source-contract for PR #4.
2026-07-24T07:09:24Z heartbeat control: paused Hermes cron job 0248354e8f86 to stop repeated heartbeat messages while FEAT-007 is waiting on PR/integration blocker; resume only after the blocker is solved.
2026-07-24T17:45:29Z heartbeat: read hot context, verified branch feat/mission-source-contract, reran full gate successfully (CHECK_GATE_EXIT=0), verified gh auth and PR #4 remains OPEN with no status checks, and made no implementation changes because FEAT-007 is already passing and awaiting integration.
2026-07-24T20:47:25Z heartbeat: read hot context, verified branch feat/mission-source-contract, reran full gate successfully (CHECK_GATE_EXIT=0), verified gh auth and PR #4 remains OPEN with no status checks, and made no implementation changes because FEAT-007 is already passing and awaiting integration.
2026-07-24T23:49:25Z heartbeat: read hot context, verified branch feat/mission-source-contract, reran full gate successfully (CHECK_GATE_EXIT=0), verified gh auth and PR #4 remains OPEN with no status checks after push (mergeStateStatus UNKNOWN while GitHub recalculates), and made no implementation changes because FEAT-007 is already passing and awaiting integration.
2026-07-25T02:51:34Z heartbeat: read hot context, verified branch feat/mission-source-contract, reran full gate successfully (CHECK_GATE_EXIT=0), verified gh auth and PR #4 remains OPEN with no status checks and mergeStateStatus CLEAN, and made no implementation changes because FEAT-007 is already passing and awaiting integration.
2026-07-25T05:55:33Z heartbeat: read hot context, verified branch feat/mission-source-contract, reran full gate successfully (CHECK_GATE_EXIT=0), verified gh auth and PR #4 remains OPEN with no status checks and mergeStateStatus CLEAN, and made no implementation changes because FEAT-007 is already passing and awaiting integration.
2026-07-25T11:59:29Z heartbeat: read hot context, verified branch feat/mission-source-contract, reran full gate successfully (CHECK_GATE_EXIT=0), verified gh auth and PR #4 remains OPEN with no status checks and mergeStateStatus CLEAN, and made no implementation changes because FEAT-007 is already passing and awaiting integration.
2026-07-25T15:01:36Z heartbeat: read hot context, verified branch feat/mission-source-contract, reran full gate successfully (CHECK_GATE_EXIT=0), verified gh auth and PR #4 remains OPEN with no status checks and mergeStateStatus CLEAN before committing; pushed heartbeat handoff updates, after which PR #4 remained OPEN with no status checks and mergeStateStatus UNKNOWN while GitHub recalculates.
2026-07-25T18:05:32Z heartbeat: read hot context, verified branch feat/mission-source-contract, reran full gate successfully (CHECK_GATE_EXIT=0), verified gh auth and PR #4 remains OPEN with no status checks and mergeStateStatus CLEAN; made no implementation changes because FEAT-007 is already passing and awaiting integration.
2026-07-25T21:07:31Z heartbeat: read hot context, verified branch feat/mission-source-contract, reran full gate successfully (CHECK_GATE_EXIT=0), verified gh auth and PR #4 remains OPEN with no status checks and mergeStateStatus CLEAN; made no implementation changes because FEAT-007 is already passing and awaiting integration.
2026-07-26T00:09:26Z heartbeat: read hot context, verified branch feat/mission-source-contract, reran full gate successfully (CHECK_GATE_EXIT=0), verified gh auth and PR #4 remains OPEN with no status checks and mergeStateStatus CLEAN; made no implementation changes because FEAT-007 is already passing and awaiting integration.
2026-07-26T03:10:42Z heartbeat: read hot context, verified repo root/branch/remotes, reran init + full gate successfully (CHECK_GATE_EXIT=0), verified GitHub auth, and confirmed PR #4 remains OPEN with no status checks and mergeStateStatus=UNKNOWN. No implementation changes made because FEAT-007 is already passing and awaiting integration.

2026-07-26T06:14:17Z heartbeat: PR #4 verified MERGED; fast-forwarded local main; created branch feat/sitl-preflight-dosing; moved active_feature to FEAT-008; created FEAT-008 stage-gate contracts; reran gate with CHECK_GATE_EXIT=1 because FEAT-008 verification remains STATUS: FAIL until implementation.
REVIEW FEAT-008-stage-gates: PASS Created required 01-discovery, 02-tech-design, 03-execution, and 04-verification files; no placeholder PASS; current gate fails closed with captured output.
2026-07-26T09:17:25Z heartbeat: read hot context, verified repo root/branch/remotes, reran init + full gate (CHECK_GATE_EXIT=1), created sitl/preflight-dosing.v0.json as the FEAT-008 preflight/dosing scenario contract, verified JSON syntax, and reran gate (still CHECK_GATE_EXIT=1 until validator, gate wiring, docs, and PASS evidence are added).
REVIEW FEAT-008 preflight/dosing contract: PASS sitl/preflight-dosing.v0.json is valid JSON with explicit requirements, dosing formula/units, one safe scenario, and two blocked unsafe scenarios; deterministic validator is still pending.
2026-07-26T12:21:07Z heartbeat: read hot context, verified repo root/branch, reran init + full gate (CHECK_GATE_EXIT=1), implemented scripts/validate-preflight-dosing.py, verified py_compile and deterministic validator output, and reran gate (still CHECK_GATE_EXIT=1 until gate wiring, docs, and PASS evidence are added).
REVIEW FEAT-008 validator: PASS scripts/validate-preflight-dosing.py uses Python standard library only, validates units/schema/scenarios, cross-checks FEAT-006 actuator outputs, confirms mission spray segments, and verifies speed-synchronized dosing formula.
2026-07-26T15:24:23Z heartbeat: read hot context, verified repo root/branch/remotes, reran init + full gate (CHECK_GATE_EXIT=1), wired scripts/check-gate.sh to execute scripts/validate-preflight-dosing.py before active verification-status checking, verified py_compile/validator output, and reran gate (validator passes; gate still CHECK_GATE_EXIT=1 because 04-verification.md remains STATUS: FAIL pending docs/evidence).
REVIEW FEAT-008 gate wiring: PASS scripts/check-gate.sh runs executable scripts/validate-preflight-dosing.py and the captured full-gate output now includes the validator PASS before the intentional verification-status failure.
2026-07-26T18:27:07Z heartbeat: read hot context, verified repo root/branch/remotes, reran init + full gate (CHECK_GATE_EXIT=1), added docs/preflight-dosing.md with dry-run/SITL use, units, safety decisions, and dosing calibration interpretation, verified py_compile/validator output, and reran gate (validator passes; gate still CHECK_GATE_EXIT=1 because 04-verification.md remains STATUS: FAIL pending final evidence).
REVIEW FEAT-008 preflight/dosing docs: PASS docs/preflight-dosing.md is non-placeholder, covers contract inputs/units, dry-run/SITL usage, fail-closed safety decisions, and target_flow_lpm calibration interpretation; deterministic validator passes.
2026-07-26T21:29:23Z heartbeat: read hot context, verified repo root/status, reran init + full gate (initial CHECK_GATE_EXIT=1), updated FEAT-008 04-verification.md with actual py_compile/validator/full-gate output and STATUS: PASS, reran full gate successfully (CHECK_GATE_EXIT=0), marked FEAT-008 passes=true via scripts/update-feature.py, and reran full gate successfully again.
REVIEW FEAT-008 verification evidence: PASS files stage-gates/active/FEAT-008/04-verification.md and feature-list.json; verification gate contains actual command/output evidence, no placeholder output remains, and deterministic full gate passes.
2026-07-26T21:29:23Z heartbeat: committed FEAT-008 completion as 6f4f76c, pushed feat/sitl-preflight-dosing to origin, opened PR #5, and verified PR #5 is OPEN with mergeStateStatus=CLEAN and no status checks: https://github.com/alandelone/auto_AGVsprayer4fertigation/pull/5.
2026-07-27T00:32:40Z heartbeat: read hot context, verified repo root/branch/remotes, reran init + full gate successfully (CHECK_GATE_EXIT=0), verified GitHub auth, and confirmed PR #5 remains OPEN with mergeStateStatus=CLEAN and no status checks. No implementation changes made because FEAT-008 is already passing and awaiting integration.
2026-07-27T03:34:47Z heartbeat: read hot context, verified repo root/branch/remotes, reran init + full gate successfully (CHECK_GATE_EXIT=0), verified GitHub auth, and confirmed PR #5 remains OPEN with mergeStateStatus=CLEAN and no status checks. No implementation changes made because FEAT-008 is already passing and awaiting integration.
2026-07-27T03:34:47Z heartbeat: committed/pushed handoff update as 4dfd443 to origin/feat/sitl-preflight-dosing; post-push PR #5 remained OPEN with no status checks and mergeStateStatus=UNKNOWN while GitHub recalculates.
2026-07-27T06:37:32Z heartbeat: read hot context, verified repo root/branch/remotes, reran init + full gate successfully (CHECK_GATE_EXIT=0), verified GitHub auth, and confirmed PR #5 remains OPEN with mergeStateStatus=CLEAN and no status checks. No implementation changes made because FEAT-008 is already passing and awaiting integration.
2026-07-27T06:37:32Z heartbeat: committed/pushed handoff update as 2932596 to origin/feat/sitl-preflight-dosing; post-push PR #5 remained OPEN with no status checks and mergeStateStatus=UNKNOWN while GitHub recalculates.
2026-07-27T09:43:43Z heartbeat: read hot context, verified repo root/branch/remotes, reran init + full gate successfully (CHECK_GATE_EXIT=0), verified GitHub auth, and confirmed PR #5 remains OPEN with no status checks and mergeStateStatus=UNKNOWN. No implementation changes made because FEAT-008 is already passing and awaiting integration.
2026-07-27T12:45:47Z heartbeat: read hot context, verified repo root/branch/remotes, reran init + full gate successfully (CHECK_GATE_EXIT=0), verified GitHub auth, and confirmed PR #5 remains OPEN with no status checks and mergeStateStatus=CLEAN. No implementation changes made because FEAT-008 is already passing and awaiting integration.
2026-07-27T12:45:47Z heartbeat: committed/pushed handoff update as 91e6746 to origin/feat/sitl-preflight-dosing; post-push PR #5 remained OPEN with no status checks and mergeStateStatus=UNKNOWN while GitHub recalculates.
2026-07-27T15:48:48Z heartbeat: read hot context, verified repo root/branch/remotes, reran init + full gate successfully (CHECK_GATE_EXIT=0), verified GitHub auth, and confirmed PR #5 remains OPEN with no status checks and mergeStateStatus=CLEAN. No implementation changes made because FEAT-008 is already passing and awaiting integration.
2026-07-27T18:51:44Z heartbeat: read hot context, verified repo root/branch, reran init + full gate successfully (CHECK_GATE_EXIT=0), verified GitHub auth, and confirmed PR #5 remains OPEN with no status checks and mergeStateStatus=UNKNOWN. No implementation changes made because FEAT-008 is already passing and awaiting integration.
2026-07-27T18:51:44Z heartbeat: committed/pushed handoff update as e7bfa40 to origin/feat/sitl-preflight-dosing; post-push PR #5 should recalculate merge state.
2026-07-27T21:53:47Z heartbeat: read hot context, verified repo root/branch/remotes, reran init + full gate successfully (CHECK_GATE_EXIT=0), verified GitHub auth, and confirmed PR #5 remains OPEN with no status checks and mergeStateStatus=CLEAN. No implementation changes made because FEAT-008 is already passing and awaiting integration.
2026-07-28T00:55:51Z heartbeat: read hot context, verified repo root/branch/remotes, reran init + full gate successfully (CHECK_GATE_EXIT=0), verified GitHub auth, and confirmed PR #5 remains OPEN with no status checks and mergeStateStatus=CLEAN. No implementation changes made because FEAT-008 is already passing and awaiting integration.
2026-07-28T00:55:51Z heartbeat: committed/pushed handoff update as c447c14 to origin/feat/sitl-preflight-dosing; post-push PR #5 remains OPEN with no status checks and mergeStateStatus=UNKNOWN while GitHub recalculates.
2026-07-28T03:58:48Z heartbeat: read hot context, verified repo root/branch/remotes, reran init + full gate successfully (CHECK_GATE_EXIT=0), verified GitHub auth, and confirmed PR #5 remains OPEN with no status checks and mergeStateStatus=UNKNOWN. No implementation changes made because FEAT-008 is already passing and awaiting integration.
2026-07-28T07:01:56Z heartbeat: read hot context, verified repo root/branch/remotes, reran init + full gate successfully (CHECK_GATE_EXIT=0), verified GitHub auth, and confirmed PR #5 remains OPEN with no status checks and mergeStateStatus=CLEAN. No implementation changes made because FEAT-008 is already passing and awaiting integration.
2026-07-28T10:03:55Z heartbeat: read hot context; verified repo root/status/remotes; reran FEAT-008 gate successfully (CHECK_GATE_EXIT=0); verified PR #5 MERGED; fast-forwarded main to origin/main; created feat/sitl-position-confidence; activated FEAT-009; created FEAT-009 stage-gate contracts.
REVIEW FEAT-009-stage-gates: PASS files reviewed: feature-list.json active pointer only; stage-gates/active/FEAT-009/{01-discovery,02-tech-design,03-execution,04-verification}.md present with concrete contract content and exact STATUS: FAIL until implementation evidence exists.
2026-07-28T10:03:55Z heartbeat: reran active FEAT-009 gate; CHECK_GATE_EXIT=1 with blocker: verification gate status must be PASS. Updated active-session/HANDOFF.md with blocker and next step.
2026-07-28T13:10:25Z heartbeat: read hot context, checked branch/status, ran init + full gate (CHECK_GATE_EXIT=1), created sitl/position-confidence.v0.json as the FEAT-009 position-confidence scenario contract, verified JSON syntax and six deterministic scenarios, and reran gate (still CHECK_GATE_EXIT=1 until validator/docs/gate wiring/evidence are complete).
REVIEW FEAT-009 position-confidence contract: PASS sitl/position-confidence.v0.json is valid JSON with explicit thresholds, safe outputs, RTK-confident and canopy-dead-reckoning positive cases, and stale GPS / IMU-odometer disagreement / invalid ultrasonic / fallback-expired HOLD cases; deterministic validator is still pending.
2026-07-28T13:10:25Z heartbeat: committed FEAT-009 position-confidence contract as a4feeaa and pushed origin/feat/sitl-position-confidence successfully.
2026-07-28T16:16:27Z heartbeat: read hot context, verified repo root/status/remotes, reran init + full gate (CHECK_GATE_EXIT=1), implemented scripts/validate-position-confidence.py, verified py_compile and deterministic validator output, and reran gate (still CHECK_GATE_EXIT=1 until docs, gate wiring, and PASS evidence are added).
REVIEW FEAT-009 validator: PASS scripts/validate-position-confidence.py is standard-library-only, validates contract units/sources/thresholds/states/safe outputs/scenarios, computes RTK/dead-reckoning/HOLD decisions deterministically, and passes py_compile plus direct validator execution.
2026-07-28T19:22:16Z heartbeat: read hot context, verified repo root/status/remotes, reran init + full gate (CHECK_GATE_EXIT=1), added docs/position-confidence-fallback.md and indexed it in docs/project-index.md, verified py_compile/direct validator/doc headings/index link, and reran gate (still CHECK_GATE_EXIT=1 until check-gate wiring and PASS evidence are added).
REVIEW FEAT-009 position-confidence docs: PASS docs/position-confidence-fallback.md is non-placeholder, docs/project-index.md links it, required state/threshold/actuator/SITL integration topics are covered, and deterministic position-confidence validator still passes.
2026-07-28T22:26:34Z heartbeat: read hot context, verified repo root/status/remotes, reran init + full gate (CHECK_GATE_EXIT=1), wired scripts/check-gate.sh to execute scripts/validate-position-confidence.py before active verification-status checking, verified py_compile/direct validator output, and reran gate (validator passes; gate still CHECK_GATE_EXIT=1 because 04-verification.md remains STATUS: FAIL pending final evidence).
REVIEW FEAT-009 check-gate wiring: PASS scripts/check-gate.sh invokes the executable position-confidence validator before scripts/update-feature.py --check-only; py_compile, direct validator execution, and full-gate output confirm deterministic validator coverage before the intentional verification-status failure.
2026-07-29T01:32:22Z heartbeat: read hot context, verified repo root/status/remotes, ran init + full gate (initial CHECK_GATE_EXIT=1), updated FEAT-009 04-verification.md with actual targeted and full-gate command/output evidence, reran full gate successfully (CHECK_GATE_EXIT=0), marked FEAT-009 passes=true via scripts/update-feature.py, and reran full gate successfully again.
REVIEW FEAT-009 verification evidence: PASS files stage-gates/active/FEAT-009/04-verification.md and feature-list.json; exact STATUS: PASS is present, feature passes flag was updated by scripts/update-feature.py only after gate success, and deterministic full repo gate passes.
2026-07-29T01:35:29Z heartbeat: committed FEAT-009 completion as 7d105d5, pushed origin/feat/sitl-position-confidence successfully, updated existing PR #6 body, marked it ready for review, and verified PR #6 is OPEN/non-draft with mergeStateStatus=CLEAN and no status checks: https://github.com/alandelone/auto_AGVsprayer4fertigation/pull/6.
2026-07-29T04:38:22Z heartbeat: read hot context, verified repo root/status/remotes, reran init + full gate successfully (CHECK_GATE_EXIT=0), verified GitHub auth, and confirmed PR #6 remains OPEN/non-draft with mergeStateStatus=CLEAN and no status checks. No implementation changes made because FEAT-009 is already passing and awaiting integration.
2026-07-29T07:42:26Z heartbeat: read hot context, verified repo root/status/remotes, reran init + full gate successfully (CHECK_GATE_EXIT=0), verified GitHub auth, and confirmed PR #6 remains OPEN/non-draft with mergeStateStatus=UNKNOWN and no status checks. No implementation changes made because FEAT-009 is already passing and awaiting integration.
2026-07-29T10:46:20Z heartbeat: read hot context, verified repo root/status/branch/remotes, reran init + full gate successfully (CHECK_GATE_EXIT=0), verified GitHub auth, and confirmed PR #6 remains OPEN/non-draft with mergeStateStatus=CLEAN and no status checks. No implementation changes made because FEAT-009 is already passing and awaiting integration.
2026-07-29T13:49:18Z heartbeat: read hot context, verified repo root/status/branch/remotes, reran init + full gate successfully (CHECK_GATE_EXIT=0), verified GitHub auth, and confirmed PR #6 remains OPEN/non-draft with mergeStateStatus=CLEAN and no status checks. No implementation changes made because FEAT-009 is already passing and awaiting integration.
2026-07-29T16:52:36Z heartbeat: read hot context, verified repo root/status/branch/remotes, reran init + full gate successfully (CHECK_GATE_EXIT=0), verified GitHub auth, and confirmed PR #6 remains OPEN/non-draft with mergeStateStatus=CLEAN and no status checks. No implementation changes made because FEAT-009 is already passing and awaiting integration.
2026-07-29T16:54:26Z heartbeat: committed heartbeat notes as 0d32793, pushed origin/feat/sitl-position-confidence successfully, and post-push PR #6 remains OPEN/non-draft with mergeStateStatus=UNKNOWN and no status checks while GitHub recalculates.
2026-07-29T19:57:14Z heartbeat: read hot context, verified repo root/status/branch/remotes and GitHub auth, reran init + full gate successfully (CHECK_GATE_EXIT=0), and confirmed PR #6 remains OPEN/non-draft with mergeStateStatus=CLEAN and no status checks. No implementation changes made because FEAT-009 is already passing and awaiting integration.
2026-07-29T23:00:23Z heartbeat: read hot context, verified repo root/status/branch/remotes and GitHub auth, reran init + full gate successfully (CHECK_GATE_EXIT=0), and confirmed PR #6 remains OPEN/non-draft with mergeStateStatus=CLEAN and no status checks. No implementation changes made because FEAT-009 is already passing and awaiting integration.
2026-07-30T02:07:30Z heartbeat: verified PR #6 merged, fast-forwarded local main to origin/main, created branch feat/sitl-fault-recovery-telemetry, created FEAT-010 stage-gate contracts, and reran the active gate (CHECK_GATE_EXIT=1 because FEAT-010 verification remains STATUS: FAIL until implementation evidence exists).
REVIEW FEAT-010 stage-gate-contracts: PASS files stage-gates/active/FEAT-010/{01-discovery,02-tech-design,03-execution,04-verification}.md exist, contain concrete scope/design/execution/verification content, exact STATUS: FAIL, captured current gate output, and no unfinished-marker terms.
2026-07-30T02:10:24Z heartbeat: committed FEAT-010 stage-gate contracts as 2eea8c7, pushed origin/feat/sitl-fault-recovery-telemetry, opened draft PR #7, and verified it is OPEN/draft with mergeStateStatus=CLEAN and no status checks: https://github.com/alandelone/auto_AGVsprayer4fertigation/pull/7.
2026-07-30T05:19:37Z heartbeat: read hot context, verified repo root/status/remotes, reran init + full gate (CHECK_GATE_EXIT=1), created sitl/fault-recovery-telemetry.v0.json as the FEAT-010 recovery/resume/telemetry scenario contract, verified JSON structure/coverage/no placeholders, and reran gate (still CHECK_GATE_EXIT=1 until validator, docs, gate wiring, and PASS evidence are complete).
REVIEW FEAT-010 recovery telemetry contract: PASS sitl/fault-recovery-telemetry.v0.json is valid JSON with recovery policy, spray ledger, telemetry schema, five deterministic scenarios, and two negative telemetry completeness cases; full feature validator is still pending.
2026-07-30T08:30:51Z heartbeat: read hot context, verified repo root/status/remotes, reran init + full gate (CHECK_GATE_EXIT=1), implemented scripts/validate-fault-recovery-telemetry.py, verified py_compile/direct validator output/no placeholders, and reran gate (still CHECK_GATE_EXIT=1 until docs, check-gate wiring, and PASS evidence are complete).
REVIEW FEAT-010 fault recovery validator: PASS scripts/validate-fault-recovery-telemetry.py is standard-library-only, validates sources/state machine/recovery policy/spray ledger/telemetry schema, computes recovery/resume decisions, enforces actuator safety and duplicate-spray suppression, and passes py_compile plus direct validator execution.
2026-07-30T11:34:47Z heartbeat: read hot context, verified repo root/status/remotes, reran init + full gate (CHECK_GATE_EXIT=1), added docs/fault-recovery-telemetry.md and indexed it in docs/project-index.md, verified no unfinished-marker terms, py_compile, direct validator output, and reran gate (still CHECK_GATE_EXIT=1 until check-gate wiring and PASS evidence are complete).
REVIEW FEAT-010 fault recovery docs: PASS docs/fault-recovery-telemetry.md is non-placeholder, docs/project-index.md links it, required state-machine/recovery-policy/duplicate-ledger/actuator-safety/telemetry/negative-check/SITL integration topics are covered, and deterministic fault-recovery validator passes.
2026-07-30T14:38:07Z heartbeat: read hot context, verified repo root/status/remotes, reran init + full gate (initial CHECK_GATE_EXIT=1), wired scripts/check-gate.sh to execute scripts/validate-fault-recovery-telemetry.py before active verification-status checking, verified bash syntax/py_compile/direct validator/no placeholders, and reran gate (validator passes; gate still CHECK_GATE_EXIT=1 because 04-verification.md remains STATUS: FAIL pending final evidence).
REVIEW FEAT-010 check-gate wiring: PASS scripts/check-gate.sh invokes the executable fault-recovery telemetry validator before scripts/update-feature.py --check-only; bash -n, py_compile, direct validator execution, no-placeholder scan, and full-gate output confirm deterministic validator coverage before the intentional verification-status failure.
2026-07-30T17:42:46Z heartbeat: read hot context, verified repo root/status/remotes, ran init + full gate (initial CHECK_GATE_EXIT=1), updated FEAT-010 04-verification.md with actual targeted/full-gate evidence and STATUS: PASS, reran the full gate successfully, marked FEAT-010 passes=true via scripts/update-feature.py, and reran the full gate successfully again.
REVIEW FEAT-010 verification evidence: PASS files stage-gates/active/FEAT-010/04-verification.md and feature-list.json; exact STATUS: PASS is present, no unfinished-marker terms were found in the verification gate, passes=true was set by scripts/update-feature.py only after CHECK_GATE_EXIT=0, and the deterministic full repository gate passes.
2026-07-30T17:45:32Z heartbeat: committed FEAT-010 completion as a85dad3, pushed origin/feat/sitl-fault-recovery-telemetry successfully, updated PR #7 body, marked PR #7 ready for review, and verified it is OPEN/non-draft with mergeStateStatus=CLEAN and no status checks: https://github.com/alandelone/auto_AGVsprayer4fertigation/pull/7.
2026-07-30T20:48:55Z heartbeat: read hot context, verified repo root/status/branch/remotes, reran init + full gate successfully (CHECK_GATE_EXIT=0), verified GitHub auth, and confirmed PR #7 remains OPEN/non-draft with mergeStateStatus=CLEAN and no status checks. No implementation changes made because FEAT-001 through FEAT-010 are already passing.
2026-07-30T23:51:19Z heartbeat: read hot context, verified repo root/status/branch/remotes, reran init + full gate successfully (CHECK_GATE_EXIT=0), verified GitHub auth, and confirmed PR #7 remains OPEN/non-draft with mergeStateStatus=CLEAN and no status checks. No implementation changes made because FEAT-001 through FEAT-010 are already passing; queue is clear pending next feature selection.
2026-07-31T02:54:53Z heartbeat: read hot context, verified repo root/status/branch/remotes, reran init + full gate successfully (CHECK_GATE_EXIT=0), verified GitHub auth, and confirmed PR #7 remains OPEN/non-draft with mergeStateStatus=CLEAN and no status checks. No implementation changes made because FEAT-001 through FEAT-010 are already passing; queue is clear pending next feature selection.
2026-07-31T05:57:28Z heartbeat: read hot context, verified repo root/status/branch/remotes, reran init + full gate successfully (CHECK_GATE_EXIT=0), verified GitHub auth, and confirmed PR #7 remains OPEN/non-draft with mergeStateStatus=CLEAN and no status checks. No implementation changes made because FEAT-001 through FEAT-010 are already passing; queue is clear pending next feature selection.
2026-07-31T08:59:21Z heartbeat: read hot context, verified repo root/status/branch/remotes, reran init + full gate successfully (CHECK_GATE_EXIT=0), verified GitHub auth, and confirmed PR #7 remains OPEN/non-draft with mergeStateStatus=UNKNOWN and no status checks. No implementation changes made because FEAT-001 through FEAT-010 are already passing; queue is clear pending PR review/merge or next feature selection.
2026-07-31T12:02:33Z heartbeat: read hot context, verified repo root/status/branch/remotes, reran init + full gate successfully (CHECK_GATE_EXIT=0), verified GitHub auth, and confirmed PR #7 remains OPEN/non-draft with mergeStateStatus=UNKNOWN and no status checks. No implementation changes made because FEAT-001 through FEAT-010 are already passing; queue is clear pending PR review/merge or next feature selection.
2026-07-31T15:05:27Z heartbeat: read hot context, verified repo root/status/branch/remotes, reran init + full gate successfully (CHECK_GATE_EXIT=0), verified GitHub auth, and confirmed PR #7 remains OPEN/non-draft with mergeStateStatus=CLEAN and no status checks. No implementation changes made because FEAT-001 through FEAT-010 are already passing; queue is clear pending PR review/merge or next feature selection.
2026-07-31T18:08:25Z heartbeat: read hot context, verified repo root/status/branch/remotes, reran init + full gate successfully (CHECK_GATE_EXIT=0), verified GitHub auth, and confirmed PR #7 remains OPEN/non-draft with mergeStateStatus=CLEAN and no status checks. No implementation changes made because FEAT-001 through FEAT-010 are already passing; queue is clear pending PR review/merge or next feature selection.
2026-07-31T21:11:27Z heartbeat: read hot context, verified repo root/status/branch/remotes, reran init + full gate successfully (CHECK_GATE_EXIT=0), verified GitHub auth, confirmed PR #7 was OPEN/non-draft with mergeStateStatus=CLEAN and no status checks before the heartbeat-note push, committed/pushed heartbeat note b502e3f, then verified PR #7 remains OPEN/non-draft with post-push mergeStateStatus=UNKNOWN and no status checks. No implementation changes made because FEAT-001 through FEAT-010 are already passing; queue is clear pending PR review/merge or next feature selection.
2026-08-01T00:14:29Z heartbeat: read hot context, verified repo root/status/branch/remotes, reran init + full gate successfully (CHECK_GATE_EXIT=0), verified GitHub auth, and confirmed PR #7 remains OPEN/non-draft with mergeStateStatus=CLEAN and no status checks. No implementation changes made because FEAT-001 through FEAT-010 are already passing; queue is clear pending PR review/merge or next feature selection.
2026-08-01T03:17:30Z heartbeat: read hot context, verified repo root/status/branch/remotes, reran init + full gate successfully (CHECK_GATE_EXIT=0), verified GitHub auth, and confirmed PR #7 remains OPEN/non-draft with mergeStateStatus=CLEAN and no status checks. No implementation changes made because FEAT-001 through FEAT-010 are already passing; queue is clear pending PR review/merge or next feature selection.
2026-08-01T06:20:33Z heartbeat: read hot context, verified repo root/status/branch/remotes, reran init + full gate successfully (CHECK_GATE_EXIT=0), verified GitHub auth, and confirmed PR #7 remains OPEN/non-draft with mergeStateStatus=CLEAN and no status checks. No implementation changes made because FEAT-001 through FEAT-010 are already passing; queue is clear pending PR review/merge or next feature selection.
2026-08-01T09:23:35Z heartbeat: read hot context, verified repo root/status/branch/remotes, reran init + full gate successfully (CHECK_GATE_EXIT=0), verified GitHub auth, and confirmed PR #7 remains OPEN/non-draft with mergeStateStatus=CLEAN and no status checks. No implementation changes made because FEAT-001 through FEAT-010 are already passing; queue is clear pending PR review/merge or next feature selection.
2026-08-01T12:26:31Z heartbeat: read hot context, verified repo root/status/branch/remotes, reran init + full gate successfully (CHECK_GATE_EXIT=0), verified GitHub auth, and confirmed PR #7 remains OPEN/non-draft with mergeStateStatus=CLEAN and no status checks. No implementation changes made because FEAT-001 through FEAT-010 are already passing; queue is clear pending PR review/merge or next feature selection.
2026-08-01T15:29:35Z heartbeat: read hot context, verified repo root/status/branch/remotes, reran init + full gate successfully (CHECK_GATE_EXIT=0), verified GitHub auth, and confirmed PR #7 remains OPEN/non-draft with mergeStateStatus=CLEAN and no status checks. No implementation changes made because FEAT-001 through FEAT-010 are already passing; queue is clear pending PR review/merge or next feature selection.
2026-08-01T18:32:38Z heartbeat: read hot context, verified repo root/status/branch/remotes, reran init + full gate successfully (CHECK_GATE_EXIT=0), verified GitHub auth, and confirmed PR #7 remains OPEN/non-draft with mergeStateStatus=CLEAN and no status checks. No implementation changes made because FEAT-001 through FEAT-010 are already passing; queue is clear pending PR review/merge or next feature selection.
2026-08-01T21:35:37Z heartbeat: read hot context, verified repo root/status/branch/remotes, reran init + full gate successfully (CHECK_GATE_EXIT=0), verified GitHub auth, and confirmed PR #7 remains OPEN/non-draft with mergeStateStatus=CLEAN and no status checks. No implementation changes made because FEAT-001 through FEAT-010 are already passing; queue is clear pending PR review/merge or next feature selection.
2026-08-02T00:39:31Z heartbeat: read hot context, verified repo root/status/branch/remotes, reran init + full gate successfully (CHECK_GATE_EXIT=0), verified GitHub auth, and confirmed PR #7 remains OPEN/non-draft with mergeStateStatus=CLEAN and no status checks. No implementation changes made because FEAT-001 through FEAT-010 are already passing; queue is clear pending PR review/merge or next feature selection.
2026-08-02T03:42:37Z heartbeat: read hot context, verified repo root/status/branch/remotes, reran init + full gate successfully (CHECK_GATE_EXIT=0), verified GitHub auth, and confirmed PR #7 remains OPEN/non-draft with mergeStateStatus=CLEAN and no status checks (updatedAt=2026-08-02T00:40:31Z). No implementation changes made because FEAT-001 through FEAT-010 are already passing; queue is clear pending PR review/merge or next feature selection.
